Traceback (most recent call last):
  File "/home/ubuntu/dev/weread/main.py", line 52, in <module>
    from selenium import webdriver
ModuleNotFoundError: No module named 'selenium'
2026-03-18 19:45:05 [INFO] 用户: admin | 配置: 读书列表=books.txt, 阅读时长=60秒, 使用Cookie登录=True, 无头模式=True
2026-03-18 19:45:05 [INFO] ========== 微信读书自动化阅读程序启动 ==========
2026-03-18 19:45:05 [INFO] 未指定书名，从读书列表随机选取: 人类简史
2026-03-18 19:45:05 [INFO] 目标书籍: 人类简史
2026-03-18 19:45:05 [INFO] 步骤 1/5: 启动 Chrome 浏览器
2026-03-18 19:45:05 [INFO] 无头模式：Chrome 在后台运行，截图将保存到 data/login.png 供扫码
2026-03-18 19:45:05 [INFO] 检测到 Chrome: /usr/bin/google-chrome
2026-03-18 19:45:05 [INFO] ====== WebDriver manager ======
2026-03-18 19:45:05 [INFO] Get LATEST chromedriver version for google-chrome
2026-03-18 19:45:05 [INFO] Get LATEST chromedriver version for google-chrome
2026-03-18 19:45:05 [INFO] Driver [/home/ubuntu/.wdm/drivers/chromedriver/linux64/146.0.7680.80/chromedriver-linux64/chromedriver] found in cache
2026-03-18 19:45:05 [INFO] 步骤 2/5: 访问微信读书 https://weread.qq.com
2026-03-18 19:45:08 [INFO] 已从 /home/ubuntu/dev/weread/data/users/admin/cookies.json 加载 6 个 cookies
2026-03-18 19:45:08 [INFO] 已加载本地 cookies，刷新页面验证
2026-03-18 19:45:13 [INFO] 使用已保存的登录状态，跳过扫码
2026-03-18 19:45:13 [INFO] 步骤 3/5: 登录状态有效，跳过
2026-03-18 19:45:13 [INFO] 步骤 4/5: 搜索并打开书籍
2026-03-18 19:45:13 [INFO] 搜索书籍: 人类简史
2026-03-18 19:45:25 [INFO] 已打开书籍: 人类简史
2026-03-18 19:45:25 [INFO] 步骤 5/5: 模拟阅读（时长 60 秒）
2026-03-18 19:45:25 [INFO] 开始模拟阅读，目标时长 60 秒
2026-03-18 19:45:26 [INFO] 翻页成功，当前第 1 页
2026-03-18 19:45:26 [INFO] 阅读进度: 人类简史：从动物到上帝，已阅读 1 秒，剩余 59 秒
2026-03-18 19:45:32 [INFO] 滚动阅读 (第 1 次)，已阅读 7 秒，剩余 53 秒
2026-03-18 19:45:38 [INFO] 翻页成功，当前第 2 页
2026-03-18 19:45:38 [INFO] 阅读进度: 人类简史：从动物到上帝，已阅读 12 秒，剩余 48 秒
2026-03-18 19:45:44 [INFO] 翻页成功，当前第 3 页
2026-03-18 19:45:44 [INFO] 阅读进度: 人类简史：从动物到上帝，已阅读 19 秒，剩余 41 秒
2026-03-18 19:45:48 [INFO] 翻页成功，当前第 4 页
2026-03-18 19:45:48 [INFO] 阅读进度: 人类简史：从动物到上帝，已阅读 22 秒，剩余 38 秒
2026-03-18 19:45:52 [INFO] 滚动阅读 (第 2 次)，已阅读 27 秒，剩余 33 秒
2026-03-18 19:45:59 [INFO] 滚动阅读 (第 3 次)，已阅读 34 秒，剩余 26 秒
2026-03-18 19:46:05 [INFO] 滚动阅读 (第 4 次)，已阅读 40 秒，剩余 20 秒
2026-03-18 19:46:12 [INFO] 滚动阅读 (第 5 次)，已阅读 47 秒，剩余 13 秒
2026-03-18 19:46:19 [INFO] 滚动阅读 (第 6 次)，已阅读 54 秒，剩余 6 秒
2026-03-18 19:46:22 [INFO] 滚动阅读 (第 7 次)，已阅读 57 秒，剩余 3 秒
2026-03-18 19:46:25 [INFO] 阅读完成，共滚动 7 次、翻页 4 次，总耗时 60.4 秒
2026-03-18 19:46:25 [INFO] 已记录阅读: 人类简史，读完=False
2026-03-18 19:46:25 [INFO] ========== 所有步骤执行完成 ==========
2026-03-18 19:46:25 [INFO] 正在关闭 Chrome 浏览器...
2026-03-18 19:46:26 [INFO] 浏览器已关闭
2026-03-18 19:46:26 [INFO] 程序退出，退出码: 0
